// Jest Snapshot v1, https://goo.gl/fbAQLP

exports[`renders correctly 1`] = `
<View
  style={
    {
      "flex": 1,
    }
  }
>
  <View
    style={
      {
        "flexDirection": "row",
      }
    }
  >
    <Text
      style={
        {
          "fontSize": 20,
          "marginLeft": 10,
          "marginTop": 12,
        }
      }
    >
      LIST OF CONTACTS
    </Text>
    <View
      style={
        {
          "marginLeft": "87%",
          "marginTop": 5,
          "position": "absolute",
        }
      }
    >
      <View
        accessible={true}
        collapsable={false}
        focusable={true}
        onClick={[Function]}
        onResponderGrant={[Function]}
        onResponderMove={[Function]}
        onResponderRelease={[Function]}
        onResponderTerminate={[Function]}
        onResponderTerminationRequest={[Function]}
        onStartShouldSetResponder={[Function]}
        style={
          {
            "opacity": 1,
          }
        }
      >
        <Text />
      </View>
    </View>
  </View>
  <TextInput
    onChangeText={[Function]}
    placeholder="Search Contacts"
    style={
      {
        "borderRadius": 20,
        "borderWidth": 1,
        "margin": 6,
        "padding": 12,
      }
    }
  />
  <View
    style={
      {
        "flex": 1,
      }
    }
  >
    <RCTScrollView
      data={[]}
      getItem={[Function]}
      getItemCount={[Function]}
      keyExtractor={[Function]}
      onContentSizeChange={[Function]}
      onLayout={[Function]}
      onMomentumScrollBegin={[Function]}
      onMomentumScrollEnd={[Function]}
      onScroll={[Function]}
      onScrollBeginDrag={[Function]}
      onScrollEndDrag={[Function]}
      removeClippedSubviews={false}
      renderItem={[Function]}
      scrollEventThrottle={50}
      stickyHeaderIndices={[]}
      viewabilityConfigCallbackPairs={[]}
    >
      <View />
    </RCTScrollView>
  </View>
</View>
`;
